// Jest Snapshot v1, https://goo.gl/fbAQLP

exports[`CustomerQuote component story renders match snapshots: invalidQuote 1`] = `""`;

exports[`CustomerQuote component story renders match snapshots: validQuote 1`] = `
<PolicyWidget
  additionalItems={
    Array [
      <QuoteSummary
        date="2019-12-01"
        rate={392.63}
      />,
    ]
  }
  id="12345"
  key="12345"
  type="pc"
/>
`;
