// Jest Snapshot v1, https://goo.gl/fbAQLP

exports[`PageTitle component story renders match snapshots: default 1`] = `
<div
  className="pageTitle"
  test-id="page-title"
>
  Page Title
</div>
`;
